14:06:09 - remote_connection.py - remote_connection - _request - 388 - DEBUG - POST http://127.0.0.1:49233/session {"capabilities": {"firstMatch": [{}], "alwaysMatch": {"browserName": "chrome", "platformName": "any", "goog:chromeOptions": {"extensions": [], "args": []}}}, "desiredCapabilities": {"browserName": "chrome", "version": "", "platform": "ANY", "goog:chromeOptions": {"extensions": [], "args": []}}}
14:06:09 - connectionpool.py - connectionpool - _new_conn - 231 - DEBUG - Starting new HTTP connection (1): 127.0.0.1:49233
14:06:12 - connectionpool.py - connectionpool - _make_request - 461 - DEBUG - http://127.0.0.1:49233 "POST /session HTTP/1.1" 200 830
14:06:12 - remote_connection.py - remote_connection - _request - 440 - DEBUG - Finished Request
14:06:12 - test_login.py - test_login - test_login - 20 - INFO - 这是第1条用例，输入的用户名为tt,密码为1qaz!QAZ
14:06:12 - remote_connection.py - remote_connection - _request - 388 - DEBUG - POST http://127.0.0.1:49233/session/62d54e0f6ff63ea777acc9e4b228211b/url {"url": "http://10.0.10.131/", "sessionId": "62d54e0f6ff63ea777acc9e4b228211b"}
14:06:12 - connectionpool.py - connectionpool - _make_request - 461 - DEBUG - http://127.0.0.1:49233 "POST /session/62d54e0f6ff63ea777acc9e4b228211b/url HTTP/1.1" 200 72
14:06:12 - remote_connection.py - remote_connection - _request - 440 - DEBUG - Finished Request
14:06:12 - remote_connection.py - remote_connection - _request - 388 - DEBUG - POST http://127.0.0.1:49233/session/62d54e0f6ff63ea777acc9e4b228211b/window/current/maximize {"windowHandle": "current", "sessionId": "62d54e0f6ff63ea777acc9e4b228211b"}
14:06:15 - connectionpool.py - connectionpool - _make_request - 461 - DEBUG - http://127.0.0.1:49233 "POST /session/62d54e0f6ff63ea777acc9e4b228211b/window/current/maximize HTTP/1.1" 200 72
14:06:15 - remote_connection.py - remote_connection - _request - 440 - DEBUG - Finished Request
14:06:15 - remote_connection.py - remote_connection - _request - 388 - DEBUG - POST http://127.0.0.1:49233/session/62d54e0f6ff63ea777acc9e4b228211b/element {"using": "xpath", "value": "//input[@placeholder=\"\u8bf7\u8f93\u5165\u7528\u6237\u540d\"]", "sessionId": "62d54e0f6ff63ea777acc9e4b228211b"}
14:06:15 - connectionpool.py - connectionpool - _make_request - 461 - DEBUG - http://127.0.0.1:49233 "POST /session/62d54e0f6ff63ea777acc9e4b228211b/element HTTP/1.1" 200 102
14:06:15 - remote_connection.py - remote_connection - _request - 440 - DEBUG - Finished Request
14:06:15 - remote_connection.py - remote_connection - _request - 388 - DEBUG - POST http://127.0.0.1:49233/session/62d54e0f6ff63ea777acc9e4b228211b/element/0.8941951013977758-1/value {"text": "tt", "value": ["t", "t"], "id": "0.8941951013977758-1", "sessionId": "62d54e0f6ff63ea777acc9e4b228211b"}
14:06:15 - connectionpool.py - connectionpool - _make_request - 461 - DEBUG - http://127.0.0.1:49233 "POST /session/62d54e0f6ff63ea777acc9e4b228211b/element/0.8941951013977758-1/value HTTP/1.1" 200 72
14:06:15 - remote_connection.py - remote_connection - _request - 440 - DEBUG - Finished Request
14:06:15 - remote_connection.py - remote_connection - _request - 388 - DEBUG - POST http://127.0.0.1:49233/session/62d54e0f6ff63ea777acc9e4b228211b/element {"using": "xpath", "value": "//input[@placeholder=\"\u8bf7\u8f93\u5165\u5bc6\u7801\"]", "sessionId": "62d54e0f6ff63ea777acc9e4b228211b"}
14:06:15 - connectionpool.py - connectionpool - _make_request - 461 - DEBUG - http://127.0.0.1:49233 "POST /session/62d54e0f6ff63ea777acc9e4b228211b/element HTTP/1.1" 200 102
14:06:15 - remote_connection.py - remote_connection - _request - 440 - DEBUG - Finished Request
14:06:15 - remote_connection.py - remote_connection - _request - 388 - DEBUG - POST http://127.0.0.1:49233/session/62d54e0f6ff63ea777acc9e4b228211b/element/0.8941951013977758-2/value {"text": "1qaz!QAZ", "value": ["1", "q", "a", "z", "!", "Q", "A", "Z"], "id": "0.8941951013977758-2", "sessionId": "62d54e0f6ff63ea777acc9e4b228211b"}
14:06:15 - connectionpool.py - connectionpool - _make_request - 461 - DEBUG - http://127.0.0.1:49233 "POST /session/62d54e0f6ff63ea777acc9e4b228211b/element/0.8941951013977758-2/value HTTP/1.1" 200 72
14:06:15 - remote_connection.py - remote_connection - _request - 440 - DEBUG - Finished Request
14:06:15 - remote_connection.py - remote_connection - _request - 388 - DEBUG - POST http://127.0.0.1:49233/session/62d54e0f6ff63ea777acc9e4b228211b/element {"using": "xpath", "value": "//span[text()=\" \u767b  \u5f55 \"]", "sessionId": "62d54e0f6ff63ea777acc9e4b228211b"}
14:06:15 - connectionpool.py - connectionpool - _make_request - 461 - DEBUG - http://127.0.0.1:49233 "POST /session/62d54e0f6ff63ea777acc9e4b228211b/element HTTP/1.1" 200 102
14:06:15 - remote_connection.py - remote_connection - _request - 440 - DEBUG - Finished Request
14:06:15 - remote_connection.py - remote_connection - _request - 388 - DEBUG - POST http://127.0.0.1:49233/session/62d54e0f6ff63ea777acc9e4b228211b/element/0.8941951013977758-3/click {"id": "0.8941951013977758-3", "sessionId": "62d54e0f6ff63ea777acc9e4b228211b"}
14:06:15 - connectionpool.py - connectionpool - _make_request - 461 - DEBUG - http://127.0.0.1:49233 "POST /session/62d54e0f6ff63ea777acc9e4b228211b/element/0.8941951013977758-3/click HTTP/1.1" 200 72
14:06:15 - remote_connection.py - remote_connection - _request - 440 - DEBUG - Finished Request
14:06:17 - test_login.py - test_login - test_login - 20 - INFO - 这是第2条用例，输入的用户名为admin,密码为admin
14:06:17 - remote_connection.py - remote_connection - _request - 388 - DEBUG - POST http://127.0.0.1:49233/session/62d54e0f6ff63ea777acc9e4b228211b/url {"url": "http://10.0.10.131/", "sessionId": "62d54e0f6ff63ea777acc9e4b228211b"}
14:06:17 - connectionpool.py - connectionpool - _make_request - 461 - DEBUG - http://127.0.0.1:49233 "POST /session/62d54e0f6ff63ea777acc9e4b228211b/url HTTP/1.1" 200 72
14:06:17 - remote_connection.py - remote_connection - _request - 440 - DEBUG - Finished Request
14:06:17 - remote_connection.py - remote_connection - _request - 388 - DEBUG - POST http://127.0.0.1:49233/session/62d54e0f6ff63ea777acc9e4b228211b/window/current/maximize {"windowHandle": "current", "sessionId": "62d54e0f6ff63ea777acc9e4b228211b"}
14:06:17 - connectionpool.py - connectionpool - _make_request - 461 - DEBUG - http://127.0.0.1:49233 "POST /session/62d54e0f6ff63ea777acc9e4b228211b/window/current/maximize HTTP/1.1" 200 72
14:06:17 - remote_connection.py - remote_connection - _request - 440 - DEBUG - Finished Request
14:06:17 - remote_connection.py - remote_connection - _request - 388 - DEBUG - POST http://127.0.0.1:49233/session/62d54e0f6ff63ea777acc9e4b228211b/element {"using": "xpath", "value": "//input[@placeholder=\"\u8bf7\u8f93\u5165\u7528\u6237\u540d\"]", "sessionId": "62d54e0f6ff63ea777acc9e4b228211b"}
14:06:17 - connectionpool.py - connectionpool - _make_request - 461 - DEBUG - http://127.0.0.1:49233 "POST /session/62d54e0f6ff63ea777acc9e4b228211b/element HTTP/1.1" 200 102
14:06:17 - remote_connection.py - remote_connection - _request - 440 - DEBUG - Finished Request
14:06:17 - remote_connection.py - remote_connection - _request - 388 - DEBUG - POST http://127.0.0.1:49233/session/62d54e0f6ff63ea777acc9e4b228211b/element/0.7692433842101394-1/value {"text": "admin", "value": ["a", "d", "m", "i", "n"], "id": "0.7692433842101394-1", "sessionId": "62d54e0f6ff63ea777acc9e4b228211b"}
14:06:17 - connectionpool.py - connectionpool - _make_request - 461 - DEBUG - http://127.0.0.1:49233 "POST /session/62d54e0f6ff63ea777acc9e4b228211b/element/0.7692433842101394-1/value HTTP/1.1" 200 72
14:06:17 - remote_connection.py - remote_connection - _request - 440 - DEBUG - Finished Request
14:06:17 - remote_connection.py - remote_connection - _request - 388 - DEBUG - POST http://127.0.0.1:49233/session/62d54e0f6ff63ea777acc9e4b228211b/element {"using": "xpath", "value": "//input[@placeholder=\"\u8bf7\u8f93\u5165\u5bc6\u7801\"]", "sessionId": "62d54e0f6ff63ea777acc9e4b228211b"}
14:06:17 - connectionpool.py - connectionpool - _make_request - 461 - DEBUG - http://127.0.0.1:49233 "POST /session/62d54e0f6ff63ea777acc9e4b228211b/element HTTP/1.1" 200 102
14:06:17 - remote_connection.py - remote_connection - _request - 440 - DEBUG - Finished Request
14:06:17 - remote_connection.py - remote_connection - _request - 388 - DEBUG - POST http://127.0.0.1:49233/session/62d54e0f6ff63ea777acc9e4b228211b/element/0.7692433842101394-2/value {"text": "admin", "value": ["a", "d", "m", "i", "n"], "id": "0.7692433842101394-2", "sessionId": "62d54e0f6ff63ea777acc9e4b228211b"}
14:06:17 - connectionpool.py - connectionpool - _make_request - 461 - DEBUG - http://127.0.0.1:49233 "POST /session/62d54e0f6ff63ea777acc9e4b228211b/element/0.7692433842101394-2/value HTTP/1.1" 200 72
14:06:17 - remote_connection.py - remote_connection - _request - 440 - DEBUG - Finished Request
14:06:17 - remote_connection.py - remote_connection - _request - 388 - DEBUG - POST http://127.0.0.1:49233/session/62d54e0f6ff63ea777acc9e4b228211b/element {"using": "xpath", "value": "//span[text()=\" \u767b  \u5f55 \"]", "sessionId": "62d54e0f6ff63ea777acc9e4b228211b"}
14:06:17 - connectionpool.py - connectionpool - _make_request - 461 - DEBUG - http://127.0.0.1:49233 "POST /session/62d54e0f6ff63ea777acc9e4b228211b/element HTTP/1.1" 200 102
14:06:17 - remote_connection.py - remote_connection - _request - 440 - DEBUG - Finished Request
14:06:17 - remote_connection.py - remote_connection - _request - 388 - DEBUG - POST http://127.0.0.1:49233/session/62d54e0f6ff63ea777acc9e4b228211b/element/0.7692433842101394-3/click {"id": "0.7692433842101394-3", "sessionId": "62d54e0f6ff63ea777acc9e4b228211b"}
14:06:17 - connectionpool.py - connectionpool - _make_request - 461 - DEBUG - http://127.0.0.1:49233 "POST /session/62d54e0f6ff63ea777acc9e4b228211b/element/0.7692433842101394-3/click HTTP/1.1" 200 72
14:06:17 - remote_connection.py - remote_connection - _request - 440 - DEBUG - Finished Request
14:06:19 - test_login.py - test_login - test_login - 20 - INFO - 这是第3条用例，输入的用户名为admin,密码为1qaz!QAZ
14:06:19 - remote_connection.py - remote_connection - _request - 388 - DEBUG - POST http://127.0.0.1:49233/session/62d54e0f6ff63ea777acc9e4b228211b/url {"url": "http://10.0.10.131/", "sessionId": "62d54e0f6ff63ea777acc9e4b228211b"}
14:06:19 - connectionpool.py - connectionpool - _make_request - 461 - DEBUG - http://127.0.0.1:49233 "POST /session/62d54e0f6ff63ea777acc9e4b228211b/url HTTP/1.1" 200 72
14:06:19 - remote_connection.py - remote_connection - _request - 440 - DEBUG - Finished Request
14:06:19 - remote_connection.py - remote_connection - _request - 388 - DEBUG - POST http://127.0.0.1:49233/session/62d54e0f6ff63ea777acc9e4b228211b/window/current/maximize {"windowHandle": "current", "sessionId": "62d54e0f6ff63ea777acc9e4b228211b"}
14:06:19 - connectionpool.py - connectionpool - _make_request - 461 - DEBUG - http://127.0.0.1:49233 "POST /session/62d54e0f6ff63ea777acc9e4b228211b/window/current/maximize HTTP/1.1" 200 72
14:06:19 - remote_connection.py - remote_connection - _request - 440 - DEBUG - Finished Request
14:06:19 - remote_connection.py - remote_connection - _request - 388 - DEBUG - POST http://127.0.0.1:49233/session/62d54e0f6ff63ea777acc9e4b228211b/element {"using": "xpath", "value": "//input[@placeholder=\"\u8bf7\u8f93\u5165\u7528\u6237\u540d\"]", "sessionId": "62d54e0f6ff63ea777acc9e4b228211b"}
14:06:19 - connectionpool.py - connectionpool - _make_request - 461 - DEBUG - http://127.0.0.1:49233 "POST /session/62d54e0f6ff63ea777acc9e4b228211b/element HTTP/1.1" 200 102
14:06:19 - remote_connection.py - remote_connection - _request - 440 - DEBUG - Finished Request
14:06:19 - remote_connection.py - remote_connection - _request - 388 - DEBUG - POST http://127.0.0.1:49233/session/62d54e0f6ff63ea777acc9e4b228211b/element/0.2141107048449271-1/value {"text": "admin", "value": ["a", "d", "m", "i", "n"], "id": "0.2141107048449271-1", "sessionId": "62d54e0f6ff63ea777acc9e4b228211b"}
14:06:19 - connectionpool.py - connectionpool - _make_request - 461 - DEBUG - http://127.0.0.1:49233 "POST /session/62d54e0f6ff63ea777acc9e4b228211b/element/0.2141107048449271-1/value HTTP/1.1" 200 72
14:06:19 - remote_connection.py - remote_connection - _request - 440 - DEBUG - Finished Request
14:06:19 - remote_connection.py - remote_connection - _request - 388 - DEBUG - POST http://127.0.0.1:49233/session/62d54e0f6ff63ea777acc9e4b228211b/element {"using": "xpath", "value": "//input[@placeholder=\"\u8bf7\u8f93\u5165\u5bc6\u7801\"]", "sessionId": "62d54e0f6ff63ea777acc9e4b228211b"}
14:06:19 - connectionpool.py - connectionpool - _make_request - 461 - DEBUG - http://127.0.0.1:49233 "POST /session/62d54e0f6ff63ea777acc9e4b228211b/element HTTP/1.1" 200 102
14:06:19 - remote_connection.py - remote_connection - _request - 440 - DEBUG - Finished Request
14:06:19 - remote_connection.py - remote_connection - _request - 388 - DEBUG - POST http://127.0.0.1:49233/session/62d54e0f6ff63ea777acc9e4b228211b/element/0.2141107048449271-2/value {"text": "1qaz!QAZ", "value": ["1", "q", "a", "z", "!", "Q", "A", "Z"], "id": "0.2141107048449271-2", "sessionId": "62d54e0f6ff63ea777acc9e4b228211b"}
14:06:19 - connectionpool.py - connectionpool - _make_request - 461 - DEBUG - http://127.0.0.1:49233 "POST /session/62d54e0f6ff63ea777acc9e4b228211b/element/0.2141107048449271-2/value HTTP/1.1" 200 72
14:06:19 - remote_connection.py - remote_connection - _request - 440 - DEBUG - Finished Request
14:06:19 - remote_connection.py - remote_connection - _request - 388 - DEBUG - POST http://127.0.0.1:49233/session/62d54e0f6ff63ea777acc9e4b228211b/element {"using": "xpath", "value": "//span[text()=\" \u767b  \u5f55 \"]", "sessionId": "62d54e0f6ff63ea777acc9e4b228211b"}
14:06:19 - connectionpool.py - connectionpool - _make_request - 461 - DEBUG - http://127.0.0.1:49233 "POST /session/62d54e0f6ff63ea777acc9e4b228211b/element HTTP/1.1" 200 102
14:06:19 - remote_connection.py - remote_connection - _request - 440 - DEBUG - Finished Request
14:06:19 - remote_connection.py - remote_connection - _request - 388 - DEBUG - POST http://127.0.0.1:49233/session/62d54e0f6ff63ea777acc9e4b228211b/element/0.2141107048449271-3/click {"id": "0.2141107048449271-3", "sessionId": "62d54e0f6ff63ea777acc9e4b228211b"}
14:06:19 - connectionpool.py - connectionpool - _make_request - 461 - DEBUG - http://127.0.0.1:49233 "POST /session/62d54e0f6ff63ea777acc9e4b228211b/element/0.2141107048449271-3/click HTTP/1.1" 200 72
14:06:19 - remote_connection.py - remote_connection - _request - 440 - DEBUG - Finished Request
14:06:21 - remote_connection.py - remote_connection - _request - 388 - DEBUG - POST http://127.0.0.1:49233/session/62d54e0f6ff63ea777acc9e4b228211b/element {"using": "xpath", "value": "//img[@class=\"user-avatar\"]", "sessionId": "62d54e0f6ff63ea777acc9e4b228211b"}
14:06:21 - connectionpool.py - connectionpool - _make_request - 461 - DEBUG - http://127.0.0.1:49233 "POST /session/62d54e0f6ff63ea777acc9e4b228211b/element HTTP/1.1" 200 102
14:06:21 - remote_connection.py - remote_connection - _request - 440 - DEBUG - Finished Request
14:06:21 - remote_connection.py - remote_connection - _request - 388 - DEBUG - POST http://127.0.0.1:49233/session/62d54e0f6ff63ea777acc9e4b228211b/moveto {"element": "0.2141107048449271-4", "sessionId": "62d54e0f6ff63ea777acc9e4b228211b"}
14:06:21 - connectionpool.py - connectionpool - _make_request - 461 - DEBUG - http://127.0.0.1:49233 "POST /session/62d54e0f6ff63ea777acc9e4b228211b/moveto HTTP/1.1" 200 72
14:06:21 - remote_connection.py - remote_connection - _request - 440 - DEBUG - Finished Request
14:06:23 - remote_connection.py - remote_connection - _request - 388 - DEBUG - POST http://127.0.0.1:49233/session/62d54e0f6ff63ea777acc9e4b228211b/element {"using": "xpath", "value": "//li[text()=\" \u9000\u51fa\u767b\u5f55 \"]", "sessionId": "62d54e0f6ff63ea777acc9e4b228211b"}
14:06:23 - connectionpool.py - connectionpool - _make_request - 461 - DEBUG - http://127.0.0.1:49233 "POST /session/62d54e0f6ff63ea777acc9e4b228211b/element HTTP/1.1" 200 102
14:06:23 - remote_connection.py - remote_connection - _request - 440 - DEBUG - Finished Request
14:06:23 - remote_connection.py - remote_connection - _request - 388 - DEBUG - GET http://127.0.0.1:49233/session/62d54e0f6ff63ea777acc9e4b228211b/element/0.2141107048449271-5/text {"id": "0.2141107048449271-5", "sessionId": "62d54e0f6ff63ea777acc9e4b228211b"}
14:06:23 - connectionpool.py - connectionpool - _make_request - 461 - DEBUG - http://127.0.0.1:49233 "GET /session/62d54e0f6ff63ea777acc9e4b228211b/element/0.2141107048449271-5/text HTTP/1.1" 200 82
14:06:23 - remote_connection.py - remote_connection - _request - 440 - DEBUG - Finished Request
14:06:23 - remote_connection.py - remote_connection - _request - 388 - DEBUG - DELETE http://127.0.0.1:49233/session/62d54e0f6ff63ea777acc9e4b228211b {"sessionId": "62d54e0f6ff63ea777acc9e4b228211b"}
14:06:24 - connectionpool.py - connectionpool - _make_request - 461 - DEBUG - http://127.0.0.1:49233 "DELETE /session/62d54e0f6ff63ea777acc9e4b228211b HTTP/1.1" 200 72
14:06:24 - remote_connection.py - remote_connection - _request - 440 - DEBUG - Finished Request
